<<<<<<< HEAD
Copyright (C) Microsoft Corporation. All rights reserved.

Install the latest PowerShell for new features and improvements! https://aka.ms/PSWindows

PS C:\Users\banamine\Videos\M3U MATRIX ALL IN ONE\Liberty-Express-> Windows PowerShell
Windows : The term 'Windows' is not recognized as the name of a cmdlet, function, script file, or operable program.
Check the spelling of the name, or if a path was included, verify that the path is correct and try again.
At line:1 char:1
+ Windows PowerShell
+ ~~~~~~~
    + CategoryInfo          : ObjectNotFound: (Windows:String) [], CommandNotFoundException
    + FullyQualifiedErrorId : CommandNotFoundException

PS C:\Users\banamine\Videos\M3U MATRIX ALL IN ONE\Liberty-Express-> Copyright (C) Microsoft Corporation. All rights reserved.
C : The term 'C' is not recognized as the name of a cmdlet, function, script file, or operable program. Check the
spelling of the name, or if a path was included, verify that the path is correct and try again.
At line:1 char:12
+ Copyright (C) Microsoft Corporation. All rights reserved.
+            ~
    + CategoryInfo          : ObjectNotFound: (C:String) [], CommandNotFoundException
    + FullyQualifiedErrorId : CommandNotFoundException

PS C:\Users\banamine\Videos\M3U MATRIX ALL IN ONE\Liberty-Express->
PS C:\Users\banamine\Videos\M3U MATRIX ALL IN ONE\Liberty-Express-> Install the latest PowerShell for new features and improvements! https://aka.ms/PSWindows
Install : The term 'Install' is not recognized as the name of a cmdlet, function, script file, or operable program.
Check the spelling of the name, or if a path was included, verify that the path is correct and try again.
At line:1 char:1
+ Install the latest PowerShell for new features and improvements! http ...
+ ~~~~~~~
    + CategoryInfo          : ObjectNotFound: (Install:String) [], CommandNotFoundException
    + FullyQualifiedErrorId : CommandNotFoundException

PS C:\Users\banamine\Videos\M3U MATRIX ALL IN ONE\Liberty-Express->
PS C:\Users\banamine\Videos\M3U MATRIX ALL IN ONE\Liberty-Express-> PS C:\Users\banamine\Videos\M3U MATRIX ALL IN ONE\Liberty-Express-> git pull origin main
Get-Process : A positional parameter cannot be found that accepts argument 'MATRIX'.
At line:1 char:1
+ PS C:\Users\banamine\Videos\M3U MATRIX ALL IN ONE\Liberty-Express-> g ...
+ ~~~~~~~~~~~~~~~~~~~~~~~~~~~~~~~~~~~~~~~~~~~~~~~~~~~~~~~~~~~~~~~~~~~~~
    + CategoryInfo          : InvalidArgument: (:) [Get-Process], ParameterBindingException
    + FullyQualifiedErrorId : PositionalParameterNotFound,Microsoft.PowerShell.Commands.GetProcessCommand

PS C:\Users\banamine\Videos\M3U MATRIX ALL IN ONE\Liberty-Express-> remote: Enumerating objects: 75, done.
remote: : The term 'remote:' is not recognized as the name of a cmdlet, function, script file, or operable program.
Check the spelling of the name, or if a path was included, verify that the path is correct and try again.
At line:1 char:1
+ remote: Enumerating objects: 75, done.
+ ~~~~~~~
    + CategoryInfo          : ObjectNotFound: (remote::String) [], CommandNotFoundException
    + FullyQualifiedErrorId : CommandNotFoundException

PS C:\Users\banamine\Videos\M3U MATRIX ALL IN ONE\Liberty-Express-> remote: Counting objects: 100% (75/75), done.
remote: : The term 'remote:' is not recognized as the name of a cmdlet, function, script file, or operable program.
Check the spelling of the name, or if a path was included, verify that the path is correct and try again.
At line:1 char:1
+ remote: Counting objects: 100% (75/75), done.
+ ~~~~~~~
    + CategoryInfo          : ObjectNotFound: (remote::String) [], CommandNotFoundException
    + FullyQualifiedErrorId : CommandNotFoundException

PS C:\Users\banamine\Videos\M3U MATRIX ALL IN ONE\Liberty-Express-> remote: Compressing objects: 100% (53/53), done.
remote: : The term 'remote:' is not recognized as the name of a cmdlet, function, script file, or operable program.
Check the spelling of the name, or if a path was included, verify that the path is correct and try again.
At line:1 char:1
+ remote: Compressing objects: 100% (53/53), done.
+ ~~~~~~~
    + CategoryInfo          : ObjectNotFound: (remote::String) [], CommandNotFoundException
    + FullyQualifiedErrorId : CommandNotFoundException

PS C:\Users\banamine\Videos\M3U MATRIX ALL IN ONE\Liberty-Express-> remote: Total 62 (delta 20), reused 17 (delta 7), pack-reused 0 (from 0)
delta : The term 'delta' is not recognized as the name of a cmdlet, function, script file, or operable program. Check
the spelling of the name, or if a path was included, verify that the path is correct and try again.
At line:1 char:19
+ remote: Total 62 (delta 20), reused 17 (delta 7), pack-reused 0 (from ...
+                   ~~~~~
    + CategoryInfo          : ObjectNotFound: (delta:String) [], CommandNotFoundException
    + FullyQualifiedErrorId : CommandNotFoundException

PS C:\Users\banamine\Videos\M3U MATRIX ALL IN ONE\Liberty-Express-> Unpacking objects: 100% (62/62), 940.89 KiB | 1.55 MiB/s, done.
At line:1 char:47
+ Unpacking objects: 100% (62/62), 940.89 KiB | 1.55 MiB/s, done.
+                                               ~~~~
Expressions are only allowed as the first element of a pipeline.
At line:1 char:52
+ Unpacking objects: 100% (62/62), 940.89 KiB | 1.55 MiB/s, done.
+                                                    ~~~~~
Unexpected token 'MiB/s' in expression or statement.
At line:1 char:57
+ Unpacking objects: 100% (62/62), 940.89 KiB | 1.55 MiB/s, done.
+                                                         ~
Missing argument in parameter list.
    + CategoryInfo          : ParserError: (:) [], ParentContainsErrorRecordException
    + FullyQualifiedErrorId : ExpressionsMustBeFirstInPipeline

PS C:\Users\banamine\Videos\M3U MATRIX ALL IN ONE\Liberty-Express-> From https://github.com/banamine/Liberty-Express-
At line:1 char:1
+ From https://github.com/banamine/Liberty-Express-
+ ~~~~
The 'from' keyword is not supported in this version of the language.
    + CategoryInfo          : ParserError: (:) [], ParentContainsErrorRecordException
    + FullyQualifiedErrorId : ReservedKeywordNotAllowed

PS C:\Users\banamine\Videos\M3U MATRIX ALL IN ONE\Liberty-Express->  * branch            main       -> FETCH_HEAD
* : The term '*' is not recognized as the name of a cmdlet, function, script file, or operable program. Check the
spelling of the name, or if a path was included, verify that the path is correct and try again.
At line:1 char:2
+  * branch            main       -> FETCH_HEAD
+  ~
    + CategoryInfo          : ObjectNotFound: (*:String) [], CommandNotFoundException
    + FullyQualifiedErrorId : CommandNotFoundException

PS C:\Users\banamine\Videos\M3U MATRIX ALL IN ONE\Liberty-Express->    21f44fa..ea87959  main       -> origin/main
21f44fa..ea87959 : The term '21f44fa..ea87959' is not recognized as the name of a cmdlet, function, script file, or
operable program. Check the spelling of the name, or if a path was included, verify that the path is correct and try
again.
At line:1 char:4
+    21f44fa..ea87959  main       -> origin/main
+    ~~~~~~~~~~~~~~~~
    + CategoryInfo          : ObjectNotFound: (21f44fa..ea87959:String) [], CommandNotFoundException
    + FullyQualifiedErrorId : CommandNotFoundException

PS C:\Users\banamine\Videos\M3U MATRIX ALL IN ONE\Liberty-Express-> warning: in the working copy of 'AUTOPLAY_TEST_WORKFLOW.sh', LF will be replaced by CRLF the next time Git touches it
warning: : The term 'warning:' is not recognized as the name of a cmdlet, function, script file, or operable program.
Check the spelling of the name, or if a path was included, verify that the path is correct and try again.
At line:1 char:1
+ warning: in the working copy of 'AUTOPLAY_TEST_WORKFLOW.sh', LF will  ...
+ ~~~~~~~~
    + CategoryInfo          : ObjectNotFound: (warning::String) [], CommandNotFoundException
    + FullyQualifiedErrorId : CommandNotFoundException

PS C:\Users\banamine\Videos\M3U MATRIX ALL IN ONE\Liberty-Express-> warning: in the working copy of 'Core_Modules/page_generator.py', LF will be replaced by CRLF the next time Git touches it
warning: : The term 'warning:' is not recognized as the name of a cmdlet, function, script file, or operable program.
Check the spelling of the name, or if a path was included, verify that the path is correct and try again.
At line:1 char:1
+ warning: in the working copy of 'Core_Modules/page_generator.py', LF  ...
+ ~~~~~~~~
    + CategoryInfo          : ObjectNotFound: (warning::String) [], CommandNotFoundException
    + FullyQualifiedErrorId : CommandNotFoundException

PS C:\Users\banamine\Videos\M3U MATRIX ALL IN ONE\Liberty-Express-> warning: in the working copy of '_archive/backup_copies/backup_script.sh', LF will be replaced by CRLF the next time Git touches it
warning: : The term 'warning:' is not recognized as the name of a cmdlet, function, script file, or operable program.
Check the spelling of the name, or if a path was included, verify that the path is correct and try again.
At line:1 char:1
+ warning: in the working copy of '_archive/backup_copies/backup_script ...
+ ~~~~~~~~
    + CategoryInfo          : ObjectNotFound: (warning::String) [], CommandNotFoundException
    + FullyQualifiedErrorId : CommandNotFoundException

PS C:\Users\banamine\Videos\M3U MATRIX ALL IN ONE\Liberty-Express-> warning: in the working copy of '_archive/old_docs/START_WEB_SERVER.py', LF will be replaced by CRLF the next time Git touches it
warning: : The term 'warning:' is not recognized as the name of a cmdlet, function, script file, or operable program.
Check the spelling of the name, or if a path was included, verify that the path is correct and try again.
At line:1 char:1
+ warning: in the working copy of '_archive/old_docs/START_WEB_SERVER.p ...
+ ~~~~~~~~
    + CategoryInfo          : ObjectNotFound: (warning::String) [], CommandNotFoundException
    + FullyQualifiedErrorId : CommandNotFoundException

PS C:\Users\banamine\Videos\M3U MATRIX ALL IN ONE\Liberty-Express-> warning: in the working copy of '_archive/old_docs/run_m3u_matrix.sh', LF will be replaced by CRLF the next time Git touches it
warning: : The term 'warning:' is not recognized as the name of a cmdlet, function, script file, or operable program.
Check the spelling of the name, or if a path was included, verify that the path is correct and try again.
At line:1 char:1
+ warning: in the working copy of '_archive/old_docs/run_m3u_matrix.sh' ...
+ ~~~~~~~~
    + CategoryInfo          : ObjectNotFound: (warning::String) [], CommandNotFoundException
    + FullyQualifiedErrorId : CommandNotFoundException

PS C:\Users\banamine\Videos\M3U MATRIX ALL IN ONE\Liberty-Express-> warning: in the working copy of 'check_prerequisites.sh', LF will be replaced by CRLF the next time Git touches it
warning: : The term 'warning:' is not recognized as the name of a cmdlet, function, script file, or operable program.
Check the spelling of the name, or if a path was included, verify that the path is correct and try again.
At line:1 char:1
+ warning: in the working copy of 'check_prerequisites.sh', LF will be  ...
+ ~~~~~~~~
    + CategoryInfo          : ObjectNotFound: (warning::String) [], CommandNotFoundException
    + FullyQualifiedErrorId : CommandNotFoundException

PS C:\Users\banamine\Videos\M3U MATRIX ALL IN ONE\Liberty-Express-> warning: in the working copy of 'scripts/launch_m3u_matrix_pro.sh', LF will be replaced by CRLF the next time Git touches it
warning: : The term 'warning:' is not recognized as the name of a cmdlet, function, script file, or operable program.
Check the spelling of the name, or if a path was included, verify that the path is correct and try again.
At line:1 char:1
+ warning: in the working copy of 'scripts/launch_m3u_matrix_pro.sh', L ...
+ ~~~~~~~~
    + CategoryInfo          : ObjectNotFound: (warning::String) [], CommandNotFoundException
    + FullyQualifiedErrorId : CommandNotFoundException

PS C:\Users\banamine\Videos\M3U MATRIX ALL IN ONE\Liberty-Express-> warning: in the working copy of 'scripts/launch_video_player_pro.sh', LF will be replaced by CRLF the next time Git touches it
warning: : The term 'warning:' is not recognized as the name of a cmdlet, function, script file, or operable program.
Check the spelling of the name, or if a path was included, verify that the path is correct and try again.
At line:1 char:1
+ warning: in the working copy of 'scripts/launch_video_player_pro.sh', ...
+ ~~~~~~~~
    + CategoryInfo          : ObjectNotFound: (warning::String) [], CommandNotFoundException
    + FullyQualifiedErrorId : CommandNotFoundException

PS C:\Users\banamine\Videos\M3U MATRIX ALL IN ONE\Liberty-Express-> warning: in the working copy of 'scripts/run_m3u_matrix.sh', LF will be replaced by CRLF the next time Git touches it
warning: : The term 'warning:' is not recognized as the name of a cmdlet, function, script file, or operable program.
Check the spelling of the name, or if a path was included, verify that the path is correct and try again.
At line:1 char:1
+ warning: in the working copy of 'scripts/run_m3u_matrix.sh', LF will  ...
+ ~~~~~~~~
    + CategoryInfo          : ObjectNotFound: (warning::String) [], CommandNotFoundException
    + FullyQualifiedErrorId : CommandNotFoundException

PS C:\Users\banamine\Videos\M3U MATRIX ALL IN ONE\Liberty-Express-> Auto-merging M3U_Matrix_Output/generated_pages/flux_test_channel.html
Auto-merging : The term 'Auto-merging' is not recognized as the name of a cmdlet, function, script file, or operable
program. Check the spelling of the name, or if a path was included, verify that the path is correct and try again.
At line:1 char:1
+ Auto-merging M3U_Matrix_Output/generated_pages/flux_test_channel.html
+ ~~~~~~~~~~~~
    + CategoryInfo          : ObjectNotFound: (Auto-merging:String) [], CommandNotFoundException
    + FullyQualifiedErrorId : CommandNotFoundException

PS C:\Users\banamine\Videos\M3U MATRIX ALL IN ONE\Liberty-Express-> CONFLICT (file location): templates/simple_nexus_player.html added in ea87959f641b4666c1a1dd321bbe4880dd79d10e inside a directory that was renamed in HEAD, suggesting it should perhaps be moved to M3U_Matrix_Output/generated_pages/simple_nexus_player.html.
file : The term 'file' is not recognized as the name of a cmdlet, function, script file, or operable program. Check
the spelling of the name, or if a path was included, verify that the path is correct and try again.
At line:1 char:11
+ CONFLICT (file location): templates/simple_nexus_player.html added in ...
+           ~~~~
    + CategoryInfo          : ObjectNotFound: (file:String) [], CommandNotFoundException
    + FullyQualifiedErrorId : CommandNotFoundException

PS C:\Users\banamine\Videos\M3U MATRIX ALL IN ONE\Liberty-Express-> CONFLICT (modify/delete): main.py deleted in HEAD and modified in ea87959f641b4666c1a1dd321bbe4880dd79d10e.  Version ea87959f641b4666c1a1dd321bbe4880dd79d10e of main.py left in tree.
modify/delete : The term 'modify/delete' is not recognized as the name of a cmdlet, function, script file, or operable
program. Check the spelling of the name, or if a path was included, verify that the path is correct and try again.
At line:1 char:11
+ CONFLICT (modify/delete): main.py deleted in HEAD and modified in ea8 ...
+           ~~~~~~~~~~~~~
    + CategoryInfo          : ObjectNotFound: (modify/delete:String) [], CommandNotFoundException
    + FullyQualifiedErrorId : CommandNotFoundException

PS C:\Users\banamine\Videos\M3U MATRIX ALL IN ONE\Liberty-Express-> Auto-merging requirements.txt
Auto-merging : The term 'Auto-merging' is not recognized as the name of a cmdlet, function, script file, or operable
program. Check the spelling of the name, or if a path was included, verify that the path is correct and try again.
At line:1 char:1
+ Auto-merging requirements.txt
+ ~~~~~~~~~~~~
    + CategoryInfo          : ObjectNotFound: (Auto-merging:String) [], CommandNotFoundException
    + FullyQualifiedErrorId : CommandNotFoundException

PS C:\Users\banamine\Videos\M3U MATRIX ALL IN ONE\Liberty-Express-> CONFLICT (add/add): Merge conflict in requirements.txt
add/add : The term 'add/add' is not recognized as the name of a cmdlet, function, script file, or operable program.
Check the spelling of the name, or if a path was included, verify that the path is correct and try again.
At line:1 char:11
+ CONFLICT (add/add): Merge conflict in requirements.txt
+           ~~~~~~~
    + CategoryInfo          : ObjectNotFound: (add/add:String) [], CommandNotFoundException
    + FullyQualifiedErrorId : CommandNotFoundException

PS C:\Users\banamine\Videos\M3U MATRIX ALL IN ONE\Liberty-Express-> Automatic merge failed; fix conflicts and then commit the result.
Automatic : The term 'Automatic' is not recognized as the name of a cmdlet, function, script file, or operable
program. Check the spelling of the name, or if a path was included, verify that the path is correct and try again.
At line:1 char:1
+ Automatic merge failed; fix conflicts and then commit the result.
+ ~~~~~~~~~
    + CategoryInfo          : ObjectNotFound: (Automatic:String) [], CommandNotFoundException
    + FullyQualifiedErrorId : CommandNotFoundException

fix : The term 'fix' is not recognized as the name of a cmdlet, function, script file, or operable program. Check the
spelling of the name, or if a path was included, verify that the path is correct and try again.
At line:1 char:25
+ Automatic merge failed; fix conflicts and then commit the result.
+                         ~~~
    + CategoryInfo          : ObjectNotFound: (fix:String) [], CommandNotFoundException
    + FullyQualifiedErrorId : CommandNotFoundException
=======
Copyright (C) Microsoft Corporation. All rights reserved.

Install the latest PowerShell for new features and improvements! https://aka.ms/PSWindows

PS C:\Users\banamine\Videos\M3U MATRIX ALL IN ONE\Liberty-Express-> Windows PowerShell
Windows : The term 'Windows' is not recognized as the name of a cmdlet, function, script file, or operable program.
Check the spelling of the name, or if a path was included, verify that the path is correct and try again.
At line:1 char:1
+ Windows PowerShell
+ ~~~~~~~
    + CategoryInfo          : ObjectNotFound: (Windows:String) [], CommandNotFoundException
    + FullyQualifiedErrorId : CommandNotFoundException

PS C:\Users\banamine\Videos\M3U MATRIX ALL IN ONE\Liberty-Express-> Copyright (C) Microsoft Corporation. All rights reserved.
C : The term 'C' is not recognized as the name of a cmdlet, function, script file, or operable program. Check the
spelling of the name, or if a path was included, verify that the path is correct and try again.
At line:1 char:12
+ Copyright (C) Microsoft Corporation. All rights reserved.
+            ~
    + CategoryInfo          : ObjectNotFound: (C:String) [], CommandNotFoundException
    + FullyQualifiedErrorId : CommandNotFoundException

PS C:\Users\banamine\Videos\M3U MATRIX ALL IN ONE\Liberty-Express->
PS C:\Users\banamine\Videos\M3U MATRIX ALL IN ONE\Liberty-Express-> Install the latest PowerShell for new features and improvements! https://aka.ms/PSWindows
Install : The term 'Install' is not recognized as the name of a cmdlet, function, script file, or operable program.
Check the spelling of the name, or if a path was included, verify that the path is correct and try again.
At line:1 char:1
+ Install the latest PowerShell for new features and improvements! http ...
+ ~~~~~~~
    + CategoryInfo          : ObjectNotFound: (Install:String) [], CommandNotFoundException
    + FullyQualifiedErrorId : CommandNotFoundException

PS C:\Users\banamine\Videos\M3U MATRIX ALL IN ONE\Liberty-Express->
PS C:\Users\banamine\Videos\M3U MATRIX ALL IN ONE\Liberty-Express-> PS C:\Users\banamine\Videos\M3U MATRIX ALL IN ONE\Liberty-Express-> git pull origin main
Get-Process : A positional parameter cannot be found that accepts argument 'MATRIX'.
At line:1 char:1
+ PS C:\Users\banamine\Videos\M3U MATRIX ALL IN ONE\Liberty-Express-> g ...
+ ~~~~~~~~~~~~~~~~~~~~~~~~~~~~~~~~~~~~~~~~~~~~~~~~~~~~~~~~~~~~~~~~~~~~~
    + CategoryInfo          : InvalidArgument: (:) [Get-Process], ParameterBindingException
    + FullyQualifiedErrorId : PositionalParameterNotFound,Microsoft.PowerShell.Commands.GetProcessCommand

PS C:\Users\banamine\Videos\M3U MATRIX ALL IN ONE\Liberty-Express-> remote: Enumerating objects: 75, done.
remote: : The term 'remote:' is not recognized as the name of a cmdlet, function, script file, or operable program.
Check the spelling of the name, or if a path was included, verify that the path is correct and try again.
At line:1 char:1
+ remote: Enumerating objects: 75, done.
+ ~~~~~~~
    + CategoryInfo          : ObjectNotFound: (remote::String) [], CommandNotFoundException
    + FullyQualifiedErrorId : CommandNotFoundException

PS C:\Users\banamine\Videos\M3U MATRIX ALL IN ONE\Liberty-Express-> remote: Counting objects: 100% (75/75), done.
remote: : The term 'remote:' is not recognized as the name of a cmdlet, function, script file, or operable program.
Check the spelling of the name, or if a path was included, verify that the path is correct and try again.
At line:1 char:1
+ remote: Counting objects: 100% (75/75), done.
+ ~~~~~~~
    + CategoryInfo          : ObjectNotFound: (remote::String) [], CommandNotFoundException
    + FullyQualifiedErrorId : CommandNotFoundException

PS C:\Users\banamine\Videos\M3U MATRIX ALL IN ONE\Liberty-Express-> remote: Compressing objects: 100% (53/53), done.
remote: : The term 'remote:' is not recognized as the name of a cmdlet, function, script file, or operable program.
Check the spelling of the name, or if a path was included, verify that the path is correct and try again.
At line:1 char:1
+ remote: Compressing objects: 100% (53/53), done.
+ ~~~~~~~
    + CategoryInfo          : ObjectNotFound: (remote::String) [], CommandNotFoundException
    + FullyQualifiedErrorId : CommandNotFoundException

PS C:\Users\banamine\Videos\M3U MATRIX ALL IN ONE\Liberty-Express-> remote: Total 62 (delta 20), reused 17 (delta 7), pack-reused 0 (from 0)
delta : The term 'delta' is not recognized as the name of a cmdlet, function, script file, or operable program. Check
the spelling of the name, or if a path was included, verify that the path is correct and try again.
At line:1 char:19
+ remote: Total 62 (delta 20), reused 17 (delta 7), pack-reused 0 (from ...
+                   ~~~~~
    + CategoryInfo          : ObjectNotFound: (delta:String) [], CommandNotFoundException
    + FullyQualifiedErrorId : CommandNotFoundException

PS C:\Users\banamine\Videos\M3U MATRIX ALL IN ONE\Liberty-Express-> Unpacking objects: 100% (62/62), 940.89 KiB | 1.55 MiB/s, done.
At line:1 char:47
+ Unpacking objects: 100% (62/62), 940.89 KiB | 1.55 MiB/s, done.
+                                               ~~~~
Expressions are only allowed as the first element of a pipeline.
At line:1 char:52
+ Unpacking objects: 100% (62/62), 940.89 KiB | 1.55 MiB/s, done.
+                                                    ~~~~~
Unexpected token 'MiB/s' in expression or statement.
At line:1 char:57
+ Unpacking objects: 100% (62/62), 940.89 KiB | 1.55 MiB/s, done.
+                                                         ~
Missing argument in parameter list.
    + CategoryInfo          : ParserError: (:) [], ParentContainsErrorRecordException
    + FullyQualifiedErrorId : ExpressionsMustBeFirstInPipeline

PS C:\Users\banamine\Videos\M3U MATRIX ALL IN ONE\Liberty-Express-> From https://github.com/banamine/Liberty-Express-
At line:1 char:1
+ From https://github.com/banamine/Liberty-Express-
+ ~~~~
The 'from' keyword is not supported in this version of the language.
    + CategoryInfo          : ParserError: (:) [], ParentContainsErrorRecordException
    + FullyQualifiedErrorId : ReservedKeywordNotAllowed

PS C:\Users\banamine\Videos\M3U MATRIX ALL IN ONE\Liberty-Express->  * branch            main       -> FETCH_HEAD
* : The term '*' is not recognized as the name of a cmdlet, function, script file, or operable program. Check the
spelling of the name, or if a path was included, verify that the path is correct and try again.
At line:1 char:2
+  * branch            main       -> FETCH_HEAD
+  ~
    + CategoryInfo          : ObjectNotFound: (*:String) [], CommandNotFoundException
    + FullyQualifiedErrorId : CommandNotFoundException

PS C:\Users\banamine\Videos\M3U MATRIX ALL IN ONE\Liberty-Express->    21f44fa..ea87959  main       -> origin/main
21f44fa..ea87959 : The term '21f44fa..ea87959' is not recognized as the name of a cmdlet, function, script file, or
operable program. Check the spelling of the name, or if a path was included, verify that the path is correct and try
again.
At line:1 char:4
+    21f44fa..ea87959  main       -> origin/main
+    ~~~~~~~~~~~~~~~~
    + CategoryInfo          : ObjectNotFound: (21f44fa..ea87959:String) [], CommandNotFoundException
    + FullyQualifiedErrorId : CommandNotFoundException

PS C:\Users\banamine\Videos\M3U MATRIX ALL IN ONE\Liberty-Express-> warning: in the working copy of 'AUTOPLAY_TEST_WORKFLOW.sh', LF will be replaced by CRLF the next time Git touches it
warning: : The term 'warning:' is not recognized as the name of a cmdlet, function, script file, or operable program.
Check the spelling of the name, or if a path was included, verify that the path is correct and try again.
At line:1 char:1
+ warning: in the working copy of 'AUTOPLAY_TEST_WORKFLOW.sh', LF will  ...
+ ~~~~~~~~
    + CategoryInfo          : ObjectNotFound: (warning::String) [], CommandNotFoundException
    + FullyQualifiedErrorId : CommandNotFoundException

PS C:\Users\banamine\Videos\M3U MATRIX ALL IN ONE\Liberty-Express-> warning: in the working copy of 'Core_Modules/page_generator.py', LF will be replaced by CRLF the next time Git touches it
warning: : The term 'warning:' is not recognized as the name of a cmdlet, function, script file, or operable program.
Check the spelling of the name, or if a path was included, verify that the path is correct and try again.
At line:1 char:1
+ warning: in the working copy of 'Core_Modules/page_generator.py', LF  ...
+ ~~~~~~~~
    + CategoryInfo          : ObjectNotFound: (warning::String) [], CommandNotFoundException
    + FullyQualifiedErrorId : CommandNotFoundException

PS C:\Users\banamine\Videos\M3U MATRIX ALL IN ONE\Liberty-Express-> warning: in the working copy of '_archive/backup_copies/backup_script.sh', LF will be replaced by CRLF the next time Git touches it
warning: : The term 'warning:' is not recognized as the name of a cmdlet, function, script file, or operable program.
Check the spelling of the name, or if a path was included, verify that the path is correct and try again.
At line:1 char:1
+ warning: in the working copy of '_archive/backup_copies/backup_script ...
+ ~~~~~~~~
    + CategoryInfo          : ObjectNotFound: (warning::String) [], CommandNotFoundException
    + FullyQualifiedErrorId : CommandNotFoundException

PS C:\Users\banamine\Videos\M3U MATRIX ALL IN ONE\Liberty-Express-> warning: in the working copy of '_archive/old_docs/START_WEB_SERVER.py', LF will be replaced by CRLF the next time Git touches it
warning: : The term 'warning:' is not recognized as the name of a cmdlet, function, script file, or operable program.
Check the spelling of the name, or if a path was included, verify that the path is correct and try again.
At line:1 char:1
+ warning: in the working copy of '_archive/old_docs/START_WEB_SERVER.p ...
+ ~~~~~~~~
    + CategoryInfo          : ObjectNotFound: (warning::String) [], CommandNotFoundException
    + FullyQualifiedErrorId : CommandNotFoundException

PS C:\Users\banamine\Videos\M3U MATRIX ALL IN ONE\Liberty-Express-> warning: in the working copy of '_archive/old_docs/run_m3u_matrix.sh', LF will be replaced by CRLF the next time Git touches it
warning: : The term 'warning:' is not recognized as the name of a cmdlet, function, script file, or operable program.
Check the spelling of the name, or if a path was included, verify that the path is correct and try again.
At line:1 char:1
+ warning: in the working copy of '_archive/old_docs/run_m3u_matrix.sh' ...
+ ~~~~~~~~
    + CategoryInfo          : ObjectNotFound: (warning::String) [], CommandNotFoundException
    + FullyQualifiedErrorId : CommandNotFoundException

PS C:\Users\banamine\Videos\M3U MATRIX ALL IN ONE\Liberty-Express-> warning: in the working copy of 'check_prerequisites.sh', LF will be replaced by CRLF the next time Git touches it
warning: : The term 'warning:' is not recognized as the name of a cmdlet, function, script file, or operable program.
Check the spelling of the name, or if a path was included, verify that the path is correct and try again.
At line:1 char:1
+ warning: in the working copy of 'check_prerequisites.sh', LF will be  ...
+ ~~~~~~~~
    + CategoryInfo          : ObjectNotFound: (warning::String) [], CommandNotFoundException
    + FullyQualifiedErrorId : CommandNotFoundException

PS C:\Users\banamine\Videos\M3U MATRIX ALL IN ONE\Liberty-Express-> warning: in the working copy of 'scripts/launch_m3u_matrix_pro.sh', LF will be replaced by CRLF the next time Git touches it
warning: : The term 'warning:' is not recognized as the name of a cmdlet, function, script file, or operable program.
Check the spelling of the name, or if a path was included, verify that the path is correct and try again.
At line:1 char:1
+ warning: in the working copy of 'scripts/launch_m3u_matrix_pro.sh', L ...
+ ~~~~~~~~
    + CategoryInfo          : ObjectNotFound: (warning::String) [], CommandNotFoundException
    + FullyQualifiedErrorId : CommandNotFoundException

PS C:\Users\banamine\Videos\M3U MATRIX ALL IN ONE\Liberty-Express-> warning: in the working copy of 'scripts/launch_video_player_pro.sh', LF will be replaced by CRLF the next time Git touches it
warning: : The term 'warning:' is not recognized as the name of a cmdlet, function, script file, or operable program.
Check the spelling of the name, or if a path was included, verify that the path is correct and try again.
At line:1 char:1
+ warning: in the working copy of 'scripts/launch_video_player_pro.sh', ...
+ ~~~~~~~~
    + CategoryInfo          : ObjectNotFound: (warning::String) [], CommandNotFoundException
    + FullyQualifiedErrorId : CommandNotFoundException

PS C:\Users\banamine\Videos\M3U MATRIX ALL IN ONE\Liberty-Express-> warning: in the working copy of 'scripts/run_m3u_matrix.sh', LF will be replaced by CRLF the next time Git touches it
warning: : The term 'warning:' is not recognized as the name of a cmdlet, function, script file, or operable program.
Check the spelling of the name, or if a path was included, verify that the path is correct and try again.
At line:1 char:1
+ warning: in the working copy of 'scripts/run_m3u_matrix.sh', LF will  ...
+ ~~~~~~~~
    + CategoryInfo          : ObjectNotFound: (warning::String) [], CommandNotFoundException
    + FullyQualifiedErrorId : CommandNotFoundException

PS C:\Users\banamine\Videos\M3U MATRIX ALL IN ONE\Liberty-Express-> Auto-merging M3U_Matrix_Output/generated_pages/flux_test_channel.html
Auto-merging : The term 'Auto-merging' is not recognized as the name of a cmdlet, function, script file, or operable
program. Check the spelling of the name, or if a path was included, verify that the path is correct and try again.
At line:1 char:1
+ Auto-merging M3U_Matrix_Output/generated_pages/flux_test_channel.html
+ ~~~~~~~~~~~~
    + CategoryInfo          : ObjectNotFound: (Auto-merging:String) [], CommandNotFoundException
    + FullyQualifiedErrorId : CommandNotFoundException

PS C:\Users\banamine\Videos\M3U MATRIX ALL IN ONE\Liberty-Express-> CONFLICT (file location): templates/simple_nexus_player.html added in ea87959f641b4666c1a1dd321bbe4880dd79d10e inside a directory that was renamed in HEAD, suggesting it should perhaps be moved to M3U_Matrix_Output/generated_pages/simple_nexus_player.html.
file : The term 'file' is not recognized as the name of a cmdlet, function, script file, or operable program. Check
the spelling of the name, or if a path was included, verify that the path is correct and try again.
At line:1 char:11
+ CONFLICT (file location): templates/simple_nexus_player.html added in ...
+           ~~~~
    + CategoryInfo          : ObjectNotFound: (file:String) [], CommandNotFoundException
    + FullyQualifiedErrorId : CommandNotFoundException

PS C:\Users\banamine\Videos\M3U MATRIX ALL IN ONE\Liberty-Express-> CONFLICT (modify/delete): main.py deleted in HEAD and modified in ea87959f641b4666c1a1dd321bbe4880dd79d10e.  Version ea87959f641b4666c1a1dd321bbe4880dd79d10e of main.py left in tree.
modify/delete : The term 'modify/delete' is not recognized as the name of a cmdlet, function, script file, or operable
program. Check the spelling of the name, or if a path was included, verify that the path is correct and try again.
At line:1 char:11
+ CONFLICT (modify/delete): main.py deleted in HEAD and modified in ea8 ...
+           ~~~~~~~~~~~~~
    + CategoryInfo          : ObjectNotFound: (modify/delete:String) [], CommandNotFoundException
    + FullyQualifiedErrorId : CommandNotFoundException

PS C:\Users\banamine\Videos\M3U MATRIX ALL IN ONE\Liberty-Express-> Auto-merging requirements.txt
Auto-merging : The term 'Auto-merging' is not recognized as the name of a cmdlet, function, script file, or operable
program. Check the spelling of the name, or if a path was included, verify that the path is correct and try again.
At line:1 char:1
+ Auto-merging requirements.txt
+ ~~~~~~~~~~~~
    + CategoryInfo          : ObjectNotFound: (Auto-merging:String) [], CommandNotFoundException
    + FullyQualifiedErrorId : CommandNotFoundException

PS C:\Users\banamine\Videos\M3U MATRIX ALL IN ONE\Liberty-Express-> CONFLICT (add/add): Merge conflict in requirements.txt
add/add : The term 'add/add' is not recognized as the name of a cmdlet, function, script file, or operable program.
Check the spelling of the name, or if a path was included, verify that the path is correct and try again.
At line:1 char:11
+ CONFLICT (add/add): Merge conflict in requirements.txt
+           ~~~~~~~
    + CategoryInfo          : ObjectNotFound: (add/add:String) [], CommandNotFoundException
    + FullyQualifiedErrorId : CommandNotFoundException

PS C:\Users\banamine\Videos\M3U MATRIX ALL IN ONE\Liberty-Express-> Automatic merge failed; fix conflicts and then commit the result.
Automatic : The term 'Automatic' is not recognized as the name of a cmdlet, function, script file, or operable
program. Check the spelling of the name, or if a path was included, verify that the path is correct and try again.
At line:1 char:1
+ Automatic merge failed; fix conflicts and then commit the result.
+ ~~~~~~~~~
    + CategoryInfo          : ObjectNotFound: (Automatic:String) [], CommandNotFoundException
    + FullyQualifiedErrorId : CommandNotFoundException

fix : The term 'fix' is not recognized as the name of a cmdlet, function, script file, or operable program. Check the
spelling of the name, or if a path was included, verify that the path is correct and try again.
At line:1 char:25
+ Automatic merge failed; fix conflicts and then commit the result.
+                         ~~~
    + CategoryInfo          : ObjectNotFound: (fix:String) [], CommandNotFoundException
    + FullyQualifiedErrorId : CommandNotFoundException
>>>>>>> 1a45e5f4554c44fc0223c1b77be694ab7eabb3b2
